<html>
<body>
<pre>
<h1>µVision Build Log</h1>
<h2>Tool Versions:</h2>
IDE-Version: ¦ÌVision V5.23.0.0
Copyright (C) 2017 ARM Ltd and ARM Germany GmbH. All rights reserved.
License Information: y y, x, LIC=65ISZ-JPGLA-DYRV3-AX38X-4UUX7-JH4RC
 
Tool Versions:
Toolchain:       MDK-ARM Plus  Version: 5.23
Toolchain Path:  C:\Keil_v5\ARM\ARMCC\Bin
C Compiler:      Armcc.exe V5.06 update 4 (build 422)
Assembler:       Armasm.exe V5.06 update 4 (build 422)
Linker/Locator:  ArmLink.exe V5.06 update 4 (build 422)
Library Manager: ArmAr.exe V5.06 update 4 (build 422)
Hex Converter:   FromElf.exe V5.06 update 4 (build 422)
CPU DLL:         SARMCM3.DLL V5.23
Dialog DLL:      DCM.DLL V1.15.0.0
Target DLL:      STLink\ST-LINKIII-KEIL_SWO.dll V2.0.18.0
Dialog DLL:      TCM.DLL V1.27.0.0
 
<h2>Project:</h2>
E:\H743\39\Projects\MDK-ARM\atk_h743.uvprojx
Project File Date:  07/08/2026

<h2>Output:</h2>
*** Using Compiler 'V5.06 update 4 (build 422)', folder: 'C:\Keil_v5\ARM\ARMCC\Bin'
Rebuild target 'CAMERA'
assembling startup_stm32h743xx.s...
compiling module_qspi.c...
compiling main.c...
..\..\User\main.c(462): warning:  #177-D: variable "key"  was declared but never referenced
      uint8_t key = 0;
..\..\User\main.c(463): warning:  #177-D: variable "t"  was declared but never referenced
      uint16_t t = 0;
..\..\User\main.c: 2 warnings, 0 errors
compiling stm32h7xx_it.c...
compiling delay.c...
compiling system_stm32h7xx.c...
compiling glue.c...
compiling stm32h7xx_hal_dma.c...
compiling sys.c...
compiling usart.c...
compiling module_wifi.c...
compiling stm32h7xx_hal_cortex.c...
compiling stm32h7xx_hal.c...
compiling stm32h7xx_hal_dma_ex.c...
compiling stm32h7xx_hal_gpio.c...
compiling stm32h7xx_hal_rcc_ex.c...
compiling stm32h7xx_hal_pwr.c...
compiling stm32h7xx_hal_pwr_ex.c...
compiling stm32h7xx_ll_fmc.c...
compiling stm32h7xx_hal_uart_ex.c...
compiling stm32h7xx_hal_qspi.c...
compiling stm32h7xx_hal_rcc.c...
compiling stm32h7xx_hal_sram.c...
compiling stm32h7xx_hal_jpeg.c...
compiling stm32h7xx_hal_tim_ex.c...
compiling stm32h7xx_hal_uart.c...
compiling stm32h7xx_hal_tim.c...
compiling stm32h7xx_hal_mdma.c...
compiling stm32h7xx_hal_sdram.c...
compiling stm32h7xx_hal_ltdc_ex.c...
compiling stm32h7xx_hal_ltdc.c...
compiling stm32h7xx_hal_dcmi.c...
compiling led.c...
compiling key.c...
compiling mpu.c...
compiling sdram.c...
compiling ltdc.c...
compiling dcmi.c...
compiling lcd.c...
compiling myiic.c...
compiling ov5640.c...
compiling sccb.c...
compiling pcf8574.c...
compiling qspi.c...
compiling btim.c...
compiling norflash.c...
compiling usart2.c...
compiling usmart_config.c...
compiling usmart.c...
compiling usmart_port.c...
compiling usmart_str.c...
linking...
Program Size: Code=66708 RO-data=19472 RW-data=584 ZI-data=6278488  
FromELF: creating hex file...
"..\..\Output\atk_h743.axf" - 0 Error(s), 2 Warning(s).

<h2>Collection of Component include folders:</h2>
  .\RTE\_CAMERA
  C:\Keil_v5\ARM\PACK\Keil\STM32H7xx_DFP\2.7.0\Drivers\CMSIS\Device\ST\STM32H7xx\Include

<h2>Collection of Component Files used:</h2>
Build Time Elapsed:  00:00:04
</pre>
</body>
</html>
